// Jest Snapshot v1, https://goo.gl/fbAQLP

exports[`FormPage should render properly 1`] = `
<BasePage
  pageFooter={<Footer />}
  pageHeader={<Header />}
>
  <Scrollable
    onScroll={[Function]}
  >
    <PageContent
      contentStyle="none"
      headerRef={
        Object {
          "current": undefined,
        }
      }
      headerStickyStyle="none"
    >
      <Content />
    </PageContent>
  </Scrollable>
</BasePage>
`;
