// Jest Snapshot v1, https://goo.gl/fbAQLP

exports[`SimplePage should render properly 1`] = `
<div
  className="creasy-page"
>
  <div
    className="creasy-page__page-header"
  >
    <Header />
  </div>
  <div
    className="creasy-page__scrollwrapper"
  >
    <Scrollable
      className="creasy-page__scroller"
    >
      <div
        className="creasy-page__content"
      >
        <div
          className="creasy-page__inner"
        >
          <Card
            header={<CardHeader />}
          >
            <Content />
          </Card>
        </div>
      </div>
    </Scrollable>
  </div>
  <div
    className="creasy-page__page-footer"
  >
    <Footer />
  </div>
</div>
`;
