// Jest Snapshot v1, https://goo.gl/fbAQLP

exports[`LineItemTable should render properly 1`] = `
<Table
  className="creasy-line-item-table"
>
  <Header>
    <HeaderItem
      key="Name"
    >
      Name
    </HeaderItem>
    <HeaderItem
      key="Team"
    >
      Team
    </HeaderItem>
    <HeaderItem
      key="On boarding date"
      style={
        Object {
          "width": 200,
        }
      }
    >
      On boarding date
    </HeaderItem>
  </Header>
  <Body>
    <Row
      className="creasy-line-item-table__row"
      key="1"
    >
      <LineItemTableRow
        columnsConfig={
          Array [
            Object {
              "columnName": "Name",
            },
            Object {
              "columnName": "Team",
            },
            Object {
              "columnName": "On boarding date",
              "style": Object {
                "width": 200,
              },
            },
          ]
        }
      >
        <LineItemTableRowItem>
          <Input
            labelPlacement="left"
            type="outlined"
            value="CHENG LI"
          />
        </LineItemTableRowItem>
        <LineItemTableRowItem>
          <Input
            labelPlacement="left"
            type="outlined"
            value="Customer Service"
          />
        </LineItemTableRowItem>
        <LineItemTableRowItem>
          <Input
            labelPlacement="left"
            type="outlined"
            value="02/03/2020"
          />
        </LineItemTableRowItem>
      </LineItemTableRow>
    </Row>
    <Row
      className="creasy-line-item-table__row"
      key="2"
    >
      <LineItemTableRow
        columnsConfig={
          Array [
            Object {
              "columnName": "Name",
            },
            Object {
              "columnName": "Team",
            },
            Object {
              "columnName": "On boarding date",
              "style": Object {
                "width": 200,
              },
            },
          ]
        }
      >
        <LineItemTableRowItem>
          <Input
            labelPlacement="left"
            type="outlined"
            value="SUN WEI"
          />
        </LineItemTableRowItem>
        <LineItemTableRowItem>
          <Input
            labelPlacement="left"
            type="outlined"
            value="Customer Service"
          />
        </LineItemTableRowItem>
        <LineItemTableRowItem>
          <Input
            labelPlacement="left"
            type="outlined"
            value="02/03/2020"
          />
        </LineItemTableRowItem>
      </LineItemTableRow>
    </Row>
    <Row
      className="creasy-line-item-table__row"
      key="3"
    >
      <LineItemTableRow
        columnsConfig={
          Array [
            Object {
              "columnName": "Name",
            },
            Object {
              "columnName": "Team",
            },
            Object {
              "columnName": "On boarding date",
              "style": Object {
                "width": 200,
              },
            },
          ]
        }
      >
        <LineItemTableRowItem>
          <Input
            labelPlacement="left"
            type="outlined"
            value="LIPING ZHAO"
          />
        </LineItemTableRowItem>
        <LineItemTableRowItem>
          <Input
            labelPlacement="left"
            type="outlined"
            value="Customer Service"
          />
        </LineItemTableRowItem>
        <LineItemTableRowItem>
          <Input
            labelPlacement="left"
            type="outlined"
            value="02/03/2020"
          />
        </LineItemTableRowItem>
      </LineItemTableRow>
    </Row>
  </Body>
</Table>
`;
