// Jest Snapshot v1, https://goo.gl/fbAQLP

exports[`IconButton should render icon button correct 1`] = `
<span>
  <Avater
    className="creasy-icon-button"
    shadow={false}
    size="m"
  >
    <Component />
  </Avater>
</span>
`;
