// Jest Snapshot v1, https://goo.gl/fbAQLP

exports[`Tooltip should render for default props 1`] = `
<ForwardRef(Tooltip)
  overlay="This is tooltip"
  overlayClassName="creasy-tooltip__overlay"
  placement="left"
  trigger={
    Array [
      "hover",
      "focus",
      "click",
    ]
  }
>
  <span
    className="creasy-tooltip__trigger"
  >
    <Trigger />
  </span>
</ForwardRef(Tooltip)>
`;
